[2025-05-28 20:58:50,015][base.py 107][INFO]: 打开网址https://www.baidu.com/?tn=85070231_12_hao_pg
[2025-05-28 20:58:50,016][base.py 35][INFO]: 定位元素('id', 'userName')
[2025-05-28 20:59:01,180][base.py 43][ERROR]: ('id', 'userName')定位失败，错误信息Message: 
Stacktrace:
	GetHandleVerifier [0x00007FF619CECF25+75717]
	GetHandleVerifier [0x00007FF619CECF80+75808]
	(No symbol) [0x00007FF619AB8F9A]
	(No symbol) [0x00007FF619B0F4C6]
	(No symbol) [0x00007FF619B0F77C]
	(No symbol) [0x00007FF619B62577]
	(No symbol) [0x00007FF619B373BF]
	(No symbol) [0x00007FF619B5F39C]
	(No symbol) [0x00007FF619B37153]
	(No symbol) [0x00007FF619B00421]
	(No symbol) [0x00007FF619B011B3]
	GetHandleVerifier [0x00007FF619FED6FD+3223453]
	GetHandleVerifier [0x00007FF619FE7CA2+3200322]
	GetHandleVerifier [0x00007FF61A005AD3+3322739]
	GetHandleVerifier [0x00007FF619D069FA+180890]
	GetHandleVerifier [0x00007FF619D0E0FF+211359]
	GetHandleVerifier [0x00007FF619CF5274+109332]
	GetHandleVerifier [0x00007FF619CF5422+109762]
	GetHandleVerifier [0x00007FF619CDBA39+4825]
	BaseThreadInitThunk [0x00007FFAE1767AC4+20]
	RtlUserThreadStart [0x00007FFAE233A8C1+33]

[2025-05-28 20:59:01,181][base.py 45][INFO]: 正在重新定位，当前重试次数:1
[2025-05-28 20:59:01,181][base.py 35][INFO]: 定位元素('id', 'userName')
[2025-05-28 20:59:11,755][base.py 43][ERROR]: ('id', 'userName')定位失败，错误信息Message: 
Stacktrace:
	GetHandleVerifier [0x00007FF619CECF25+75717]
	GetHandleVerifier [0x00007FF619CECF80+75808]
	(No symbol) [0x00007FF619AB8F9A]
	(No symbol) [0x00007FF619B0F4C6]
	(No symbol) [0x00007FF619B0F77C]
	(No symbol) [0x00007FF619B62577]
	(No symbol) [0x00007FF619B373BF]
	(No symbol) [0x00007FF619B5F39C]
	(No symbol) [0x00007FF619B37153]
	(No symbol) [0x00007FF619B00421]
	(No symbol) [0x00007FF619B011B3]
	GetHandleVerifier [0x00007FF619FED6FD+3223453]
	GetHandleVerifier [0x00007FF619FE7CA2+3200322]
	GetHandleVerifier [0x00007FF61A005AD3+3322739]
	GetHandleVerifier [0x00007FF619D069FA+180890]
	GetHandleVerifier [0x00007FF619D0E0FF+211359]
	GetHandleVerifier [0x00007FF619CF5274+109332]
	GetHandleVerifier [0x00007FF619CF5422+109762]
	GetHandleVerifier [0x00007FF619CDBA39+4825]
	BaseThreadInitThunk [0x00007FFAE1767AC4+20]
	RtlUserThreadStart [0x00007FFAE233A8C1+33]

[2025-05-28 20:59:13,021][base.py 107][INFO]: 打开网址https://www.baidu.com/?tn=85070231_12_hao_pg
[2025-05-28 20:59:13,023][base.py 35][INFO]: 定位元素('id', 'userName')
[2025-05-28 20:59:23,555][base.py 43][ERROR]: ('id', 'userName')定位失败，错误信息Message: 
Stacktrace:
	GetHandleVerifier [0x00007FF619CECF25+75717]
	GetHandleVerifier [0x00007FF619CECF80+75808]
	(No symbol) [0x00007FF619AB8F9A]
	(No symbol) [0x00007FF619B0F4C6]
	(No symbol) [0x00007FF619B0F77C]
	(No symbol) [0x00007FF619B62577]
	(No symbol) [0x00007FF619B373BF]
	(No symbol) [0x00007FF619B5F39C]
	(No symbol) [0x00007FF619B37153]
	(No symbol) [0x00007FF619B00421]
	(No symbol) [0x00007FF619B011B3]
	GetHandleVerifier [0x00007FF619FED6FD+3223453]
	GetHandleVerifier [0x00007FF619FE7CA2+3200322]
	GetHandleVerifier [0x00007FF61A005AD3+3322739]
	GetHandleVerifier [0x00007FF619D069FA+180890]
	GetHandleVerifier [0x00007FF619D0E0FF+211359]
	GetHandleVerifier [0x00007FF619CF5274+109332]
	GetHandleVerifier [0x00007FF619CF5422+109762]
	GetHandleVerifier [0x00007FF619CDBA39+4825]
	BaseThreadInitThunk [0x00007FFAE1767AC4+20]
	RtlUserThreadStart [0x00007FFAE233A8C1+33]

[2025-05-28 20:59:23,555][base.py 45][INFO]: 正在重新定位，当前重试次数:1
[2025-05-28 20:59:23,555][base.py 35][INFO]: 定位元素('id', 'userName')
[2025-05-28 21:02:20,564][base.py 35][INFO]: 定位元素('id', 's-top-loginbtn')
[2025-05-28 21:02:22,570][base.py 98][INFO]: 点击按钮
[2025-05-28 21:02:24,571][base.py 35][INFO]: 定位元素('id', 'TANGRAM__PSP_11__userName')
[2025-05-28 21:02:29,578][base.py 82][INFO]: 输入内容为：18382411899
[2025-05-28 21:02:29,578][base.py 35][INFO]: 定位元素('id', 'TANGRAM__PSP_11__password')
[2025-05-28 21:02:29,859][base.py 82][INFO]: 输入内容为：baidumima
[2025-05-28 21:02:32,860][base.py 35][INFO]: 定位元素('id', 'TANGRAM__PSP_11__submit')
[2025-05-28 21:02:33,075][base.py 98][INFO]: 点击按钮
[2025-05-28 21:02:33,100][base.py 157][INFO]: 当前页面标题: 百度一下，你就知道
[2025-05-28 21:05:53,418][base.py 35][INFO]: 定位元素('id', 's-top-loginbtn')
[2025-05-28 21:05:53,544][base.py 98][INFO]: 点击按钮
[2025-05-28 21:05:54,545][base.py 35][INFO]: 定位元素('id', 'TANGRAM__PSP_11__userName')
[2025-05-28 21:05:57,175][base.py 82][INFO]: 输入内容为：18382411899
[2025-05-28 21:05:57,175][base.py 35][INFO]: 定位元素('id', 'TANGRAM__PSP_11__password')
[2025-05-28 21:05:57,372][base.py 82][INFO]: 输入内容为：baidumima
[2025-05-28 21:05:59,372][base.py 35][INFO]: 定位元素('id', 'TANGRAM__PSP_11__isAgree')
[2025-05-28 21:06:00,037][base.py 98][INFO]: 点击按钮
[2025-05-28 21:06:01,038][base.py 35][INFO]: 定位元素('id', 'TANGRAM__PSP_11__submit')
[2025-05-28 21:06:01,225][base.py 98][INFO]: 点击按钮
[2025-05-28 21:06:01,235][base.py 157][INFO]: 当前页面标题: 百度一下，你就知道
[2025-05-28 21:06:37,334][base.py 35][INFO]: 定位元素('id', 's-top-loginbtn')
[2025-05-28 21:06:38,509][base.py 98][INFO]: 点击按钮
[2025-05-28 21:06:39,510][base.py 35][INFO]: 定位元素('id', 'TANGRAM__PSP_11__userName')
[2025-05-28 21:06:39,675][base.py 82][INFO]: 输入内容为：18382411899
[2025-05-28 21:06:39,675][base.py 35][INFO]: 定位元素('id', 'TANGRAM__PSP_11__password')
[2025-05-28 21:06:39,796][base.py 82][INFO]: 输入内容为：baidumima
[2025-05-28 21:06:41,797][base.py 35][INFO]: 定位元素('id', 'TANGRAM__PSP_11__isAgree')
[2025-05-28 21:06:42,029][base.py 98][INFO]: 点击按钮
[2025-05-28 21:06:43,029][base.py 35][INFO]: 定位元素('id', 'TANGRAM__PSP_11__submit')
[2025-05-28 21:06:43,605][base.py 98][INFO]: 点击按钮
[2025-05-28 21:06:43,610][base.py 157][INFO]: 当前页面标题: 百度一下，你就知道
[2025-05-28 21:09:26,207][base.py 35][INFO]: 定位元素('id', 's-top-loginbtn')
[2025-05-28 21:09:27,066][base.py 98][INFO]: 点击按钮
[2025-05-28 21:09:28,066][base.py 35][INFO]: 定位元素('id', 'TANGRAM__PSP_11__userName')
[2025-05-28 21:09:30,946][base.py 82][INFO]: 输入内容为：18382411899
[2025-05-28 21:09:30,946][base.py 35][INFO]: 定位元素('id', 'TANGRAM__PSP_11__password')
[2025-05-28 21:09:31,250][base.py 82][INFO]: 输入内容为：baidumima
[2025-05-28 21:09:33,250][base.py 35][INFO]: 定位元素('id', 'TANGRAM__PSP_11__isAgree')
[2025-05-28 21:09:33,534][base.py 98][INFO]: 点击按钮
[2025-05-28 21:09:34,534][base.py 35][INFO]: 定位元素('id', 'TANGRAM__PSP_11__submit')
[2025-05-28 21:09:34,675][base.py 98][INFO]: 点击按钮
[2025-05-28 21:09:34,685][base.py 157][INFO]: 当前页面标题: 百度一下，你就知道
