[2025-05-11 09:45:22,720][base.py 107][INFO]: 打开网址https://wefine.cdfortis.com/e-hosp-dongying/routing/login.pg
[2025-05-11 09:45:27,224][base.py 107][INFO]: 打开网址https://wefine.cdfortis.com/e-hosp-dongying/routing/login.pg
[2025-05-11 11:07:55,419][base.py 107][INFO]: 打开网址https://wefine.cdfortis.com/e-hosp-dongying/routing/login.pg
[2025-05-11 11:07:56,096][base.py 107][INFO]: 打开网址https://wefine.cdfortis.com/e-hosp-dongying/routing/login.pg
[2025-05-11 11:38:07,174][base.py 35][INFO]: 定位元素('xpath', "//button[@type='submit']")
[2025-05-11 11:38:18,123][base.py 43][ERROR]: ('xpath', "//button[@type='submit']")定位失败，错误信息Message: 

[2025-05-11 11:38:18,125][base.py 45][INFO]: 正在重新定位，当前重试次数:1
[2025-05-11 11:38:18,125][base.py 35][INFO]: 定位元素('xpath', "//button[@type='submit']")
[2025-05-11 11:38:28,691][base.py 43][ERROR]: ('xpath', "//button[@type='submit']")定位失败，错误信息Message: 

[2025-05-11 11:38:29,496][base.py 35][INFO]: 定位元素('xpath', "//button[@type='submit']")
[2025-05-11 11:38:30,098][base.py 43][ERROR]: ('xpath', "//button[@type='submit']")定位失败，错误信息Message: invalid session id: session deleted as the browser has closed the connection
from disconnected: unable to send message to renderer
  (Session info: chrome=136.0.7103.93)

[2025-05-11 11:38:30,099][base.py 45][INFO]: 正在重新定位，当前重试次数:1
[2025-05-11 11:38:30,099][base.py 35][INFO]: 定位元素('xpath', "//button[@type='submit']")
[2025-05-11 11:38:30,283][base.py 43][ERROR]: ('xpath', "//button[@type='submit']")定位失败，错误信息Message: invalid session id

[2025-05-11 11:39:43,027][base.py 35][INFO]: 定位元素('xpath', "//button[@type='submit']")
[2025-05-11 11:39:53,597][base.py 43][ERROR]: ('xpath', "//button[@type='submit']")定位失败，错误信息Message: 

[2025-05-11 11:39:53,597][base.py 45][INFO]: 正在重新定位，当前重试次数:1
[2025-05-11 11:39:53,598][base.py 35][INFO]: 定位元素('xpath', "//button[@type='submit']")
[2025-05-11 11:39:58,219][base.py 43][ERROR]: ('xpath', "//button[@type='submit']")定位失败，错误信息Message: invalid session id: session deleted as the browser has closed the connection
from disconnected: unable to send message to renderer
  (Session info: chrome=136.0.7103.93)

[2025-05-11 11:41:25,999][base.py 35][INFO]: 定位元素('xpath', "//button[@type='submit']")
[2025-05-11 11:41:36,534][base.py 43][ERROR]: ('xpath', "//button[@type='submit']")定位失败，错误信息Message: 

[2025-05-11 11:41:36,534][base.py 45][INFO]: 正在重新定位，当前重试次数:1
[2025-05-11 11:41:36,534][base.py 35][INFO]: 定位元素('xpath', "//button[@type='submit']")
[2025-05-11 11:41:47,110][base.py 43][ERROR]: ('xpath', "//button[@type='submit']")定位失败，错误信息Message: 

[2025-05-11 11:41:47,947][base.py 35][INFO]: 定位元素('xpath', "//button[@type='submit']")
[2025-05-11 11:41:58,471][base.py 43][ERROR]: ('xpath', "//button[@type='submit']")定位失败，错误信息Message: 

[2025-05-11 11:41:58,472][base.py 45][INFO]: 正在重新定位，当前重试次数:1
[2025-05-11 11:41:58,472][base.py 35][INFO]: 定位元素('xpath', "//button[@type='submit']")
[2025-05-11 11:42:09,041][base.py 43][ERROR]: ('xpath', "//button[@type='submit']")定位失败，错误信息Message: 

[2025-05-11 11:45:50,818][base.py 35][INFO]: 定位元素('id', 'onsubmit')
[2025-05-11 11:46:01,391][base.py 43][ERROR]: ('id', 'onsubmit')定位失败，错误信息Message: 

[2025-05-11 11:46:01,391][base.py 45][INFO]: 正在重新定位，当前重试次数:1
[2025-05-11 11:46:01,392][base.py 35][INFO]: 定位元素('id', 'onsubmit')
[2025-05-11 11:46:11,929][base.py 43][ERROR]: ('id', 'onsubmit')定位失败，错误信息Message: 

[2025-05-11 11:46:12,675][base.py 35][INFO]: 定位元素('id', 'onsubmit')
[2025-05-11 11:46:23,202][base.py 43][ERROR]: ('id', 'onsubmit')定位失败，错误信息Message: 

[2025-05-11 11:46:23,203][base.py 45][INFO]: 正在重新定位，当前重试次数:1
[2025-05-11 11:46:23,204][base.py 35][INFO]: 定位元素('id', 'onsubmit')
[2025-05-11 11:46:33,752][base.py 43][ERROR]: ('id', 'onsubmit')定位失败，错误信息Message: 

[2025-05-11 11:47:30,843][base.py 35][INFO]: 定位元素('id', 'onsubmit')
[2025-05-11 11:47:31,731][base.py 98][INFO]: 点击按钮
[2025-05-11 11:47:31,742][base.py 157][INFO]: 当前页面标题: 互联网医院
[2025-05-11 11:47:34,672][base.py 35][INFO]: 定位元素('id', 'onsubmit')
[2025-05-11 11:47:34,749][base.py 98][INFO]: 点击按钮
[2025-05-11 13:24:13,465][base.py 35][INFO]: 定位元素('id', 'onsubmit')
[2025-05-11 13:24:13,644][base.py 98][INFO]: 点击按钮
[2025-05-11 13:43:20,978][base.py 35][INFO]: 定位元素('id', 'userName')
[2025-05-11 13:43:22,371][base.py 82][INFO]: 输入内容为：admin
[2025-05-11 13:43:22,371][base.py 35][INFO]: 定位元素('id', 'passWord')
[2025-05-11 13:43:22,479][base.py 82][INFO]: 输入内容为：123456
[2025-05-11 13:43:22,480][base.py 35][INFO]: 定位元素('id', 'onsubmit')
[2025-05-11 13:43:22,559][base.py 98][INFO]: 点击按钮
[2025-05-11 13:43:22,565][base.py 157][INFO]: 当前页面标题: 互联网医院
[2025-05-11 13:43:23,531][base.py 107][INFO]: 打开网址https://wefine.cdfortis.com/e-hosp-dongying/routing/login.pg
[2025-05-11 13:43:24,264][base.py 107][INFO]: 打开网址https://wefine.cdfortis.com/e-hosp-dongying/routing/login.pg
[2025-05-11 14:13:57,608][base.py 107][INFO]: 打开网址https://wefine.cdfortis.com/e-hosp-dongying/routing/login.pg
[2025-05-11 14:14:02,293][base.py 107][INFO]: 打开网址https://wefine.cdfortis.com/e-hosp-dongying/routing/login.pg
[2025-05-11 14:25:02,170][base.py 107][INFO]: 打开网址https://wefine.cdfortis.com/e-hosp-dongying/routing/login.pg
[2025-05-11 14:25:03,071][base.py 107][INFO]: 打开网址https://wefine.cdfortis.com/e-hosp-dongying/routing/login.pg
[2025-05-11 14:36:14,344][base.py 107][INFO]: 打开网址https://wefine.cdfortis.com/e-hosp-dongying/routing/login.pg
[2025-05-11 14:36:14,345][base.py 35][INFO]: 定位元素('id', 'userName')
[2025-05-11 14:36:14,575][base.py 82][INFO]: 输入内容为：admin
[2025-05-11 14:36:14,575][base.py 35][INFO]: 定位元素('id', 'passWord')
[2025-05-11 14:36:14,700][base.py 82][INFO]: 输入内容为：Ft123456
[2025-05-11 14:36:14,700][base.py 35][INFO]: 定位元素('id', 'onsubmit')
[2025-05-11 14:36:14,789][base.py 98][INFO]: 点击按钮
[2025-05-11 14:36:18,026][base.py 107][INFO]: 打开网址https://wefine.cdfortis.com/e-hosp-dongying/routing/login.pg
[2025-05-11 14:36:18,027][base.py 35][INFO]: 定位元素('id', 'userName')
[2025-05-11 14:36:18,130][base.py 82][INFO]: 输入内容为：user1
[2025-05-11 14:36:18,131][base.py 35][INFO]: 定位元素('id', 'passWord')
[2025-05-11 14:36:18,230][base.py 82][INFO]: 输入内容为：wrong_pass
[2025-05-11 14:36:18,230][base.py 35][INFO]: 定位元素('id', 'onsubmit')
[2025-05-11 14:36:18,289][base.py 98][INFO]: 点击按钮
[2025-05-11 14:39:21,730][base.py 35][INFO]: 定位元素('id', 'userName')
[2025-05-11 14:39:21,943][base.py 82][INFO]: 输入内容为：admin
[2025-05-11 14:39:21,944][base.py 35][INFO]: 定位元素('id', 'passWord')
[2025-05-11 14:39:22,049][base.py 82][INFO]: 输入内容为：Ft123456
[2025-05-11 14:39:37,049][base.py 35][INFO]: 定位元素('id', 'onsubmit')
[2025-05-11 14:39:37,268][base.py 98][INFO]: 点击按钮
[2025-05-11 14:39:37,276][base.py 157][INFO]: 当前页面标题: 互联网医院
[2025-05-11 14:39:38,187][base.py 107][INFO]: 打开网址https://wefine.cdfortis.com/e-hosp-dongying/routing/login.pg
[2025-05-11 14:39:38,188][base.py 35][INFO]: 定位元素('id', 'userName')
[2025-05-11 14:39:38,300][base.py 82][INFO]: 输入内容为：admin
[2025-05-11 14:39:38,300][base.py 35][INFO]: 定位元素('id', 'passWord')
[2025-05-11 14:39:38,410][base.py 82][INFO]: 输入内容为：Ft123456
[2025-05-11 14:39:48,410][base.py 35][INFO]: 定位元素('id', 'onsubmit')
[2025-05-11 14:39:48,573][base.py 98][INFO]: 点击按钮
[2025-05-11 14:39:51,607][base.py 157][INFO]: 当前页面标题: 互联网医院
[2025-05-11 14:39:52,106][base.py 107][INFO]: 打开网址https://wefine.cdfortis.com/e-hosp-dongying/routing/login.pg
[2025-05-11 14:39:52,106][base.py 35][INFO]: 定位元素('id', 'userName')
[2025-05-11 14:39:52,253][base.py 82][INFO]: 输入内容为：user1
[2025-05-11 14:39:52,253][base.py 35][INFO]: 定位元素('id', 'passWord')
[2025-05-11 14:39:52,350][base.py 82][INFO]: 输入内容为：wrong_pass
[2025-05-11 14:40:02,351][base.py 35][INFO]: 定位元素('id', 'onsubmit')
[2025-05-11 14:40:02,507][base.py 98][INFO]: 点击按钮
[2025-05-11 14:40:05,521][base.py 157][INFO]: 当前页面标题: 互联网医院
[2025-05-11 14:46:32,998][base.py 35][INFO]: 定位元素('id', 'userName')
[2025-05-11 14:46:33,124][base.py 82][INFO]: 输入内容为：admin
[2025-05-11 14:46:33,124][base.py 35][INFO]: 定位元素('id', 'passWord')
[2025-05-11 14:46:33,226][base.py 82][INFO]: 输入内容为：Ft123456
[2025-05-11 14:46:48,226][base.py 35][INFO]: 定位元素('id', 'onsubmit')
[2025-05-11 14:46:48,307][base.py 98][INFO]: 点击按钮
[2025-05-11 14:46:48,316][base.py 157][INFO]: 当前页面标题: 互联网医院
[2025-05-11 14:46:48,644][base.py 107][INFO]: 打开网址https://wefine.cdfortis.com/e-hosp-dongying/routing/login.pg
[2025-05-11 14:46:48,645][base.py 35][INFO]: 定位元素('id', 'userName')
[2025-05-11 14:46:48,774][base.py 82][INFO]: 输入内容为：admin
[2025-05-11 14:46:48,775][base.py 35][INFO]: 定位元素('id', 'passWord')
[2025-05-11 14:46:48,870][base.py 82][INFO]: 输入内容为：Ft123456
[2025-05-11 14:46:58,871][base.py 35][INFO]: 定位元素('id', 'onsubmit')
[2025-05-11 14:46:59,054][base.py 98][INFO]: 点击按钮
[2025-05-11 14:47:02,071][base.py 157][INFO]: 当前页面标题: 互联网医院
[2025-05-11 14:47:02,257][base.py 107][INFO]: 打开网址https://wefine.cdfortis.com/e-hosp-dongying/routing/login.pg
[2025-05-11 14:47:02,257][base.py 35][INFO]: 定位元素('id', 'userName')
[2025-05-11 14:47:02,367][base.py 82][INFO]: 输入内容为：user1
[2025-05-11 14:47:02,368][base.py 35][INFO]: 定位元素('id', 'passWord')
[2025-05-11 14:47:02,460][base.py 82][INFO]: 输入内容为：wrong_pass
[2025-05-11 14:47:12,461][base.py 35][INFO]: 定位元素('id', 'onsubmit')
[2025-05-11 14:47:12,631][base.py 98][INFO]: 点击按钮
[2025-05-11 14:47:15,649][base.py 157][INFO]: 当前页面标题: 互联网医院
[2025-05-11 17:08:50,575][base.py 35][INFO]: 定位元素('id', 'userName')
[2025-05-11 17:08:50,724][base.py 82][INFO]: 输入内容为：admin
[2025-05-11 17:08:50,724][base.py 35][INFO]: 定位元素('id', 'passWord')
[2025-05-11 17:08:50,863][base.py 82][INFO]: 输入内容为：Ft123456
[2025-05-11 17:08:53,864][base.py 35][INFO]: 定位元素('id', 'onsubmit')
[2025-05-11 17:08:54,056][base.py 98][INFO]: 点击按钮
[2025-05-11 17:08:54,065][base.py 157][INFO]: 当前页面标题: 互联网医院
[2025-05-11 17:08:54,441][base.py 107][INFO]: 打开网址https://wefine.cdfortis.com/e-hosp-dongying/routing/login.pg
[2025-05-11 17:08:54,442][base.py 35][INFO]: 定位元素('id', 'userName')
[2025-05-11 17:08:54,525][base.py 82][INFO]: 输入内容为：admin
[2025-05-11 17:08:54,525][base.py 35][INFO]: 定位元素('id', 'passWord')
[2025-05-11 17:08:54,606][base.py 82][INFO]: 输入内容为：Ft123456
[2025-05-11 17:09:04,607][base.py 35][INFO]: 定位元素('id', 'onsubmit')
[2025-05-11 17:09:04,839][base.py 98][INFO]: 点击按钮
[2025-05-11 17:09:07,857][base.py 157][INFO]: 当前页面标题: 互联网医院
[2025-05-11 17:09:08,049][base.py 107][INFO]: 打开网址https://wefine.cdfortis.com/e-hosp-dongying/routing/login.pg
[2025-05-11 17:09:08,049][base.py 35][INFO]: 定位元素('id', 'userName')
[2025-05-11 17:09:08,181][base.py 82][INFO]: 输入内容为：user1
[2025-05-11 17:09:08,182][base.py 35][INFO]: 定位元素('id', 'passWord')
[2025-05-11 17:09:08,280][base.py 82][INFO]: 输入内容为：wrong_pass
[2025-05-11 17:09:18,281][base.py 35][INFO]: 定位元素('id', 'onsubmit')
[2025-05-11 17:09:18,465][base.py 98][INFO]: 点击按钮
[2025-05-11 17:09:21,483][base.py 157][INFO]: 当前页面标题: 互联网医院
[2025-05-11 17:17:30,487][base.py 35][INFO]: 定位元素('id', 'userName')
[2025-05-11 17:17:30,703][base.py 82][INFO]: 输入内容为：admin
[2025-05-11 17:17:30,703][base.py 35][INFO]: 定位元素('id', 'passWord')
[2025-05-11 17:17:30,831][base.py 82][INFO]: 输入内容为：Ft123456
[2025-05-11 17:17:33,832][base.py 35][INFO]: 定位元素('id', 'onsubmit')
[2025-05-11 17:17:33,959][base.py 98][INFO]: 点击按钮
[2025-05-11 17:17:33,964][base.py 157][INFO]: 当前页面标题: 互联网医院
[2025-05-11 17:17:34,364][base.py 107][INFO]: 打开网址https://wefine.cdfortis.com/e-hosp-dongying/routing/login.pg
[2025-05-11 17:17:34,364][base.py 35][INFO]: 定位元素('id', 'userName')
[2025-05-11 17:17:34,471][base.py 82][INFO]: 输入内容为：admin
[2025-05-11 17:17:34,471][base.py 35][INFO]: 定位元素('id', 'passWord')
[2025-05-11 17:17:34,547][base.py 82][INFO]: 输入内容为：Ft123456
[2025-05-11 17:17:44,547][base.py 35][INFO]: 定位元素('id', 'onsubmit')
[2025-05-11 17:17:44,753][base.py 98][INFO]: 点击按钮
[2025-05-11 17:17:47,771][base.py 157][INFO]: 当前页面标题: 互联网医院
[2025-05-11 17:17:48,001][base.py 107][INFO]: 打开网址https://wefine.cdfortis.com/e-hosp-dongying/routing/login.pg
[2025-05-11 17:17:48,001][base.py 35][INFO]: 定位元素('id', 'userName')
[2025-05-11 17:17:48,115][base.py 82][INFO]: 输入内容为：user1
[2025-05-11 17:17:48,115][base.py 35][INFO]: 定位元素('id', 'passWord')
[2025-05-11 17:17:48,188][base.py 82][INFO]: 输入内容为：wrong_pass
[2025-05-11 17:17:58,189][base.py 35][INFO]: 定位元素('id', 'onsubmit')
[2025-05-11 17:17:58,390][base.py 98][INFO]: 点击按钮
[2025-05-11 17:18:01,409][base.py 157][INFO]: 当前页面标题: 互联网医院
[2025-05-11 17:51:15,723][base.py 107][INFO]: 打开网址https://wefine.cdfortis.com/e-hosp-dongying/routing/login.pg
[2025-05-11 17:51:15,723][base.py 35][INFO]: 定位元素('id', 'userName')
[2025-05-11 17:51:16,034][base.py 82][INFO]: 输入内容为：admin
[2025-05-11 17:51:16,034][base.py 35][INFO]: 定位元素('id', 'passWord')
[2025-05-11 17:51:16,120][base.py 82][INFO]: 输入内容为：Ft123456
[2025-05-11 17:51:26,121][base.py 35][INFO]: 定位元素('id', 'onsubmit')
[2025-05-11 17:51:26,284][base.py 98][INFO]: 点击按钮
[2025-05-11 17:51:29,304][base.py 157][INFO]: 当前页面标题: 互联网医院
[2025-05-11 17:51:29,511][base.py 107][INFO]: 打开网址https://wefine.cdfortis.com/e-hosp-dongying/routing/login.pg
[2025-05-11 17:51:29,511][base.py 35][INFO]: 定位元素('id', 'userName')
[2025-05-11 17:51:29,605][base.py 82][INFO]: 输入内容为：user1
[2025-05-11 17:51:29,606][base.py 35][INFO]: 定位元素('id', 'passWord')
[2025-05-11 17:51:29,682][base.py 82][INFO]: 输入内容为：wrong_pass
[2025-05-11 17:51:39,683][base.py 35][INFO]: 定位元素('id', 'onsubmit')
[2025-05-11 17:51:39,809][base.py 98][INFO]: 点击按钮
[2025-05-11 17:51:42,827][base.py 157][INFO]: 当前页面标题: 互联网医院
[2025-05-11 17:51:43,026][base.py 35][INFO]: 定位元素('id', 'userName')
[2025-05-11 17:51:43,139][base.py 82][INFO]: 输入内容为：admin
[2025-05-11 17:51:43,139][base.py 35][INFO]: 定位元素('id', 'passWord')
[2025-05-11 17:51:43,228][base.py 82][INFO]: 输入内容为：Ft123456
[2025-05-11 17:51:46,229][base.py 35][INFO]: 定位元素('id', 'onsubmit')
[2025-05-11 17:51:46,349][base.py 98][INFO]: 点击按钮
[2025-05-11 17:51:46,356][base.py 157][INFO]: 当前页面标题: 互联网医院
[2025-05-11 18:37:05,088][base.py 107][INFO]: 打开网址https://wefine.cdfortis.com/e-hosp-dongying/routing/login.pg
[2025-05-11 18:37:05,089][base.py 35][INFO]: 定位元素('id', 'userName')
[2025-05-11 18:37:05,203][base.py 82][INFO]: 输入内容为：admin
[2025-05-11 18:37:05,203][base.py 35][INFO]: 定位元素('id', 'passWord')
[2025-05-11 18:37:05,307][base.py 82][INFO]: 输入内容为：Ft123456
[2025-05-11 18:37:15,307][base.py 35][INFO]: 定位元素('id', 'onsubmit')
[2025-05-11 18:37:15,489][base.py 98][INFO]: 点击按钮
[2025-05-11 18:37:18,498][base.py 157][INFO]: 当前页面标题: 互联网医院
[2025-05-11 18:37:18,655][base.py 107][INFO]: 打开网址https://wefine.cdfortis.com/e-hosp-dongying/routing/login.pg
[2025-05-11 18:37:18,655][base.py 35][INFO]: 定位元素('id', 'userName')
[2025-05-11 18:37:18,768][base.py 82][INFO]: 输入内容为：user1
[2025-05-11 18:37:18,768][base.py 35][INFO]: 定位元素('id', 'passWord')
[2025-05-11 18:37:18,860][base.py 82][INFO]: 输入内容为：wrong_pass
[2025-05-11 18:37:28,862][base.py 35][INFO]: 定位元素('id', 'onsubmit')
[2025-05-11 18:37:29,048][base.py 98][INFO]: 点击按钮
[2025-05-11 18:37:32,054][base.py 157][INFO]: 当前页面标题: 互联网医院
[2025-05-11 18:37:32,209][base.py 35][INFO]: 定位元素('id', 'userName')
[2025-05-11 18:37:32,454][base.py 82][INFO]: 输入内容为：admin
[2025-05-11 18:37:32,454][base.py 35][INFO]: 定位元素('id', 'passWord')
[2025-05-11 18:37:32,555][base.py 82][INFO]: 输入内容为：Ft123456
[2025-05-11 18:37:35,555][base.py 35][INFO]: 定位元素('id', 'onsubmit')
[2025-05-11 18:37:35,729][base.py 98][INFO]: 点击按钮
[2025-05-11 18:37:35,736][base.py 157][INFO]: 当前页面标题: 互联网医院
[2025-05-11 18:40:36,258][base.py 107][INFO]: 打开网址https://wefine.cdfortis.com/e-hosp-dongying/routing/login.pg
[2025-05-11 18:40:36,258][base.py 35][INFO]: 定位元素('id', 'userName')
[2025-05-11 18:40:36,519][base.py 82][INFO]: 输入内容为：admin
[2025-05-11 18:40:36,519][base.py 35][INFO]: 定位元素('id', 'passWord')
[2025-05-11 18:40:36,639][base.py 82][INFO]: 输入内容为：Ft123456
[2025-05-11 18:40:46,639][base.py 35][INFO]: 定位元素('id', 'onsubmit')
[2025-05-11 18:40:46,779][base.py 98][INFO]: 点击按钮
[2025-05-11 18:40:49,811][base.py 157][INFO]: 当前页面标题: 互联网医院
[2025-05-11 18:40:49,978][base.py 107][INFO]: 打开网址https://wefine.cdfortis.com/e-hosp-dongying/routing/login.pg
[2025-05-11 18:40:49,978][base.py 35][INFO]: 定位元素('id', 'userName')
[2025-05-11 18:40:50,100][base.py 82][INFO]: 输入内容为：user1
[2025-05-11 18:40:50,100][base.py 35][INFO]: 定位元素('id', 'passWord')
[2025-05-11 18:40:50,187][base.py 82][INFO]: 输入内容为：wrong_pass
[2025-05-11 18:41:00,188][base.py 35][INFO]: 定位元素('id', 'onsubmit')
[2025-05-11 18:41:00,342][base.py 98][INFO]: 点击按钮
[2025-05-11 18:41:03,359][base.py 157][INFO]: 当前页面标题: 互联网医院
[2025-05-11 18:41:03,558][base.py 35][INFO]: 定位元素('id', 'userName')
[2025-05-11 18:41:03,647][base.py 82][INFO]: 输入内容为：admin
[2025-05-11 18:41:03,648][base.py 35][INFO]: 定位元素('id', 'passWord')
[2025-05-11 18:41:03,742][base.py 82][INFO]: 输入内容为：Ft123456
[2025-05-11 18:41:06,743][base.py 35][INFO]: 定位元素('id', 'onsubmit')
[2025-05-11 18:41:06,988][base.py 98][INFO]: 点击按钮
[2025-05-11 18:41:07,000][base.py 157][INFO]: 当前页面标题: 互联网医院
[2025-05-11 19:00:24,526][base.py 107][INFO]: 打开网址https://wefine.cdfortis.com/e-hosp-dongying/routing/login.pg
[2025-05-11 19:00:24,528][base.py 35][INFO]: 定位元素('id', 'userName')
[2025-05-11 19:00:24,695][base.py 82][INFO]: 输入内容为：admin
[2025-05-11 19:00:24,695][base.py 35][INFO]: 定位元素('id', 'passWord')
[2025-05-11 19:00:24,784][base.py 82][INFO]: 输入内容为：Ft123456
[2025-05-11 19:00:34,784][base.py 35][INFO]: 定位元素('id', 'onsubmit')
[2025-05-11 19:00:34,992][base.py 98][INFO]: 点击按钮
[2025-05-11 19:00:38,012][base.py 157][INFO]: 当前页面标题: 互联网医院
[2025-05-11 19:00:38,238][base.py 107][INFO]: 打开网址https://wefine.cdfortis.com/e-hosp-dongying/routing/login.pg
[2025-05-11 19:00:38,238][base.py 35][INFO]: 定位元素('id', 'userName')
[2025-05-11 19:00:38,353][base.py 82][INFO]: 输入内容为：user1
[2025-05-11 19:00:38,353][base.py 35][INFO]: 定位元素('id', 'passWord')
[2025-05-11 19:00:38,429][base.py 82][INFO]: 输入内容为：wrong_pass
[2025-05-11 19:00:48,430][base.py 35][INFO]: 定位元素('id', 'onsubmit')
[2025-05-11 19:00:48,644][base.py 98][INFO]: 点击按钮
[2025-05-11 19:00:51,661][base.py 157][INFO]: 当前页面标题: 互联网医院
[2025-05-11 19:00:51,875][base.py 35][INFO]: 定位元素('id', 'userName')
[2025-05-11 19:00:51,988][base.py 82][INFO]: 输入内容为：admin
[2025-05-11 19:00:51,988][base.py 35][INFO]: 定位元素('id', 'passWord')
[2025-05-11 19:00:52,063][base.py 82][INFO]: 输入内容为：Ft123456
[2025-05-11 19:00:55,064][base.py 35][INFO]: 定位元素('id', 'onsubmit')
[2025-05-11 19:00:55,270][base.py 98][INFO]: 点击按钮
[2025-05-11 19:00:55,279][base.py 157][INFO]: 当前页面标题: 互联网医院
[2025-05-11 19:22:34,845][base.py 107][INFO]: 打开网址https://wefine.cdfortis.com/e-hosp-dongying/routing/login.pg
[2025-05-11 19:22:34,845][base.py 35][INFO]: 定位元素('id', 'userName')
[2025-05-11 19:22:34,966][base.py 82][INFO]: 输入内容为：admin
[2025-05-11 19:22:34,967][base.py 35][INFO]: 定位元素('id', 'passWord')
[2025-05-11 19:22:35,058][base.py 82][INFO]: 输入内容为：Ft123456
[2025-05-11 19:22:45,059][base.py 35][INFO]: 定位元素('id', 'onsubmit')
[2025-05-11 19:22:45,269][base.py 98][INFO]: 点击按钮
[2025-05-11 19:22:48,292][base.py 157][INFO]: 当前页面标题: 互联网医院
[2025-05-11 19:22:48,486][base.py 107][INFO]: 打开网址https://wefine.cdfortis.com/e-hosp-dongying/routing/login.pg
[2025-05-11 19:22:48,486][base.py 35][INFO]: 定位元素('id', 'userName')
[2025-05-11 19:22:48,599][base.py 82][INFO]: 输入内容为：user1
[2025-05-11 19:22:48,599][base.py 35][INFO]: 定位元素('id', 'passWord')
[2025-05-11 19:22:48,679][base.py 82][INFO]: 输入内容为：wrong_pass
[2025-05-11 19:22:58,680][base.py 35][INFO]: 定位元素('id', 'onsubmit')
[2025-05-11 19:22:58,833][base.py 98][INFO]: 点击按钮
[2025-05-11 19:23:01,849][base.py 157][INFO]: 当前页面标题: 互联网医院
[2025-05-11 19:23:02,051][base.py 35][INFO]: 定位元素('id', 'userName')
[2025-05-11 19:23:02,151][base.py 82][INFO]: 输入内容为：admin
[2025-05-11 19:23:02,152][base.py 35][INFO]: 定位元素('id', 'passWord')
[2025-05-11 19:23:02,229][base.py 82][INFO]: 输入内容为：Ft123456
[2025-05-11 19:23:05,229][base.py 35][INFO]: 定位元素('id', 'onsubmit')
[2025-05-11 19:23:05,401][base.py 98][INFO]: 点击按钮
[2025-05-11 19:23:05,412][base.py 157][INFO]: 当前页面标题: 互联网医院
[2025-05-11 20:43:25,665][base.py 107][INFO]: 打开网址https://wefine.cdfortis.com/e-hosp-dongying/routing/login.pg
[2025-05-11 20:43:25,844][base.py 35][INFO]: 定位元素('id', 'userName')
[2025-05-11 20:43:26,232][base.py 82][INFO]: 输入内容为：admin
[2025-05-11 20:43:26,233][base.py 35][INFO]: 定位元素('id', 'passWord')
[2025-05-11 20:43:26,345][base.py 82][INFO]: 输入内容为：Ft123456
[2025-05-11 20:43:36,345][base.py 35][INFO]: 定位元素('id', 'onsubmit')
[2025-05-11 20:43:36,487][base.py 98][INFO]: 点击按钮
[2025-05-11 20:43:40,199][base.py 157][INFO]: 当前页面标题: 互联网医院
[2025-05-11 20:43:40,327][base.py 107][INFO]: 打开网址https://wefine.cdfortis.com/e-hosp-dongying/routing/login.pg
[2025-05-11 20:43:40,328][base.py 35][INFO]: 定位元素('id', 'userName')
[2025-05-11 20:43:40,450][base.py 82][INFO]: 输入内容为：user1
[2025-05-11 20:43:40,450][base.py 35][INFO]: 定位元素('id', 'passWord')
[2025-05-11 20:43:40,574][base.py 82][INFO]: 输入内容为：wrong_pass
[2025-05-11 20:43:50,574][base.py 35][INFO]: 定位元素('id', 'onsubmit')
[2025-05-11 20:43:50,842][base.py 98][INFO]: 点击按钮
[2025-05-11 20:43:53,848][base.py 157][INFO]: 当前页面标题: 互联网医院
[2025-05-11 20:43:54,002][base.py 35][INFO]: 定位元素('id', 'userName')
[2025-05-11 20:43:54,160][base.py 82][INFO]: 输入内容为：admin
[2025-05-11 20:43:54,161][base.py 35][INFO]: 定位元素('id', 'passWord')
[2025-05-11 20:43:54,306][base.py 82][INFO]: 输入内容为：Ft123456
[2025-05-11 20:43:57,307][base.py 35][INFO]: 定位元素('id', 'onsubmit')
[2025-05-11 20:44:07,454][base.py 43][ERROR]: ('id', 'onsubmit')定位失败，错误信息Message: 

[2025-05-11 20:44:07,455][base.py 45][INFO]: 正在重新定位，当前重试次数:1
[2025-05-11 20:44:07,455][base.py 35][INFO]: 定位元素('id', 'onsubmit')
[2025-05-11 20:44:17,587][base.py 43][ERROR]: ('id', 'onsubmit')定位失败，错误信息Message: 

[2025-05-11 21:06:58,944][base.py 107][INFO]: 打开网址https://wefine.cdfortis.com/e-hosp-dongying/routing/login.pg
[2025-05-11 21:06:58,944][base.py 35][INFO]: 定位元素('id', 'userName')
[2025-05-11 21:06:59,122][base.py 82][INFO]: 输入内容为：admin
[2025-05-11 21:06:59,122][base.py 35][INFO]: 定位元素('id', 'passWord')
[2025-05-11 21:06:59,223][base.py 82][INFO]: 输入内容为：Ft123456
[2025-05-11 21:07:09,225][base.py 35][INFO]: 定位元素('id', 'onsubmit')
[2025-05-11 21:07:09,437][base.py 98][INFO]: 点击按钮
[2025-05-11 21:07:13,091][base.py 157][INFO]: 当前页面标题: 互联网医院
[2025-05-11 21:07:13,217][base.py 107][INFO]: 打开网址https://wefine.cdfortis.com/e-hosp-dongying/routing/login.pg
[2025-05-11 21:07:13,217][base.py 35][INFO]: 定位元素('id', 'userName')
[2025-05-11 21:07:13,331][base.py 82][INFO]: 输入内容为：user1
[2025-05-11 21:07:13,332][base.py 35][INFO]: 定位元素('id', 'passWord')
[2025-05-11 21:07:13,442][base.py 82][INFO]: 输入内容为：wrong_pass
[2025-05-11 21:07:23,442][base.py 35][INFO]: 定位元素('id', 'onsubmit')
[2025-05-11 21:07:23,588][base.py 98][INFO]: 点击按钮
[2025-05-11 21:07:26,606][base.py 157][INFO]: 当前页面标题: 互联网医院
[2025-05-11 21:07:27,044][base.py 35][INFO]: 定位元素('id', 'userName')
[2025-05-11 21:07:27,197][base.py 82][INFO]: 输入内容为：admin
[2025-05-11 21:07:27,198][base.py 35][INFO]: 定位元素('id', 'passWord')
[2025-05-11 21:07:27,283][base.py 82][INFO]: 输入内容为：Ft123456
[2025-05-11 21:07:30,284][base.py 35][INFO]: 定位元素('id', 'onsubmit')
[2025-05-11 21:07:30,355][base.py 98][INFO]: 点击按钮
[2025-05-11 21:07:30,362][base.py 157][INFO]: 当前页面标题: 互联网医院
